// Jest Snapshot v1, https://goo.gl/fbAQLP

exports[`should correctly render LoginPage 1`] = `
<div>
  <h2>
    Login
  </h2>
  <form
    onSubmit={[Function]}
  >
    <div>
      <label>
        Username
      </label>
      <input
        type="text"
      />
    </div>
    <div>
      <label>
        Password: 
      </label>
      <input
        type="password"
      />
    </div>
    <div>
      <button
        onClick={[MockFunction]}
        type="button"
      >
        Login
      </button>
    </div>
  </form>
</div>
`;
